◇ injected env (5) from .env // tip: ⌘ override existing { override: true }
Testing Supabase connection...
Error: null
Data: [
  {
    id: 1,
    usuario: 'admin',
    password: 'Jose35..',
    rol: 'dueno',
    estado: 'activo',
    empresa_id: 1,
    nombre_completo: 'jhonnatan priumera',
    nickname: 'dueño',
    avatar: 'data:image/x-icon;base64,AAABAAEAAAAAAAEAIAAoIAQAFgAAACgAAAAAAQAAAAIAAAEAIAAAAAAAAAAEABILAAASCwAAAAAAAAAAAAD09PT/9PT0//T09P/09PT/9PT0/8rKyv/ExMT/x8fH/8fHx//FxcX/6urq//f39//19fX/9fX1//n5+f/W1tb/xMTE/8jIyP/Jycn/xcXF/+Dg4P/5+fn/9fX1//X19f/5+fn/4eHh/8PDw//IyMj/yMjI/8XFxf/R0dH/+Pj4//X19f/19fX/9/f3/+vr6//Hx8f/yMjI/8nJyf/Hx8f/ysrK//X19f/29vb/9fX1//X19f/z8/P/ycnJ/8bGxv/IyMj/x8fH/8PDw//s7Oz/9/f3//T09P/09PT/9/f3/9XV1f/ExMT/x8fH/8jIyP/CwsL/4eHh//j4+P/09PT/8/Pz//n5+f/g4OD/wsLC/8jIyP/IyMj/xMTE/9bW1v/39/f/9PT0//T09P/39/f/6+vr/8LCwv/Gxsb/x8fH/8XFxf/Nzc3/9PT0//X19f/19fX/9vb2//T09P/Ly8v/x8fH/8jIyP/Hx8f/x8fH/+rq6v/19fX/9fX1//X19f/39/f/0dHR/8TExP/IyMj/yMjI/8XFxf/j4+P/+Pj4//T09P/z8/P/+Pj4/9vb2//CwsL/x8fH/8jIyP/FxcX/1tbW//n5+f/09PT/9fX1//j4+P/o6Oj/xsbG/8jIyP/IyMj/xsbG/8vLy//19fX/9PT0//Pz8//19fX/8fHx/8rKyv/Hx8f/yMjI/8jIyP/IyMj/8fHx//b29v/19fX/9PT0//X19f/Q0ND/w8PD/8fHx//Hx8f/wsLC/+Xl5f/39/f/8/Pz//Pz8//5+fn/3d3d/8LCwv/Hx8f/yMjI/8TExP/a2tr/9/f3//Pz8//z8/P/9/f3/+rq6v/ExMT/x8fH/8fHx//Gxsb/0tLS//b29v/09PT/9PT0//b29v/x8fH/x8fH/8XFxf/Hx8f/xcXF/8bGxv/u7u7/9fX1//T09P/09PT/9/f3/9DQ0P/FxcX/yMjI/8nJyf/FxcX/5eXl//j4+P/19fX/9fX1//n5+f/Z2dn/w8PD/8fHx//Hx8f/xMTE/9ra2v/5+fn/9PT0//T09P/4+Pj/5+fn/8XFxf/IyMj/ycnJ/8bGxv/O0ND/9vj4//X19f/19PT/9vb2/+/v7//Hx8f/xsbG/8fHx//Gxsb/xsbG//Hx8f/29vb/9PT0//T09P/29vb/0NDQ/8bGxv/IyMj/yMjI/8TExP/p6en/+Pj4//T09P/09PT/+Pj4/9ra2v/CwsL/yMjI/8jIyP/Dw8P/3d3d//j4+P/09PT/9PT0//n5+f/m5ub/wsLC/8fHx//IyMj/xcXF/9LS0v/29vb/9PT0//X19f/39/f/8PDw/8fHx//IyMj/yMjI/8fHx//Hx8f/9PT0//T09P/19fX/9fX1//X19f/Kysr/xMTE/8fHx//Hx8f/xcXF/+rq6v/4+Pj/9fX1//T09P/5+fn/1tbW/8XFxf/Jycn/ycnJ/8XFxf/g4OD/+vr6//X19f/09PT/+fn5/+Hh4f/ExMT/yMjI/8jIyP/FxcX/0dHR//j4+P/19fX/9fX1//b29v/r6+v/x8fH/8jIyP/Kysr/x8fH/8vLy//29vb/9vb2//X19f/29vb/8/Pz/8rKyv/Hx8f/yMjI/8fHx//ExMT/7e3t//j4+P/09PT/9PT0//f39//W1tb/xMTE/8fHx//IyMj/w8PD/+Hh4f/4+Pj/9PT0//T09P/5+fn/4eHh/8PDw//IyMj/yMjI/8TExP/W1tb/9/f3//X19f/09PT/9/f3/+zs7P/Dw8P/x8fH/8jIyP/Gxsb/zs7O//X19f/29vb/9fX1//b29v/19fX/y8vL/8jIyP/Jycn/yMjI/8fHx//q6ur/9fX1//X19f/19fX/9/f3/9HR0f/FxcX/ycnJ/8nJyf/Gxsb/4+Pj//n5+f/09PT/8/Pz//j4+P/b29v/wsLC/8fHx//IyMj/xsbG/9bW1v/5+fn/9PT0//X19f/4+Pj/6Ojo/8bGxv/Jycn/yMjI/8fHx//Ly8v/9fX1//X19f/z8/P/9fX1//Hx8f/Kysr/x8fH/8jIyP/IyMj/yMjI//Ly8v/29vb/9fX1//T09P/19fX/0dHR/8TExP/Hx8f/x8fH/8LCwv/l5eX/9/f3//Pz8//09PT/+fn5/9/f3//Dw8P/yMjI/8nJyf/ExMT/2tra//f39//z8/P/8/Pz//f39//q6ur/xMTE/8fHx//IyMj/xcXF/9LS0v/29vb/9PT0//X19f/39/f/8vLy/8jIyP/Hx8f/yMjI/8bGxv/Hx8f/7u7u//X19f/19fX/9fX1//j4+P/R0dH/xsbG/8jIyP/IyMj/xcXF/+Xl5f/5+fn/9fX1//T09P/5+fn/2dnZ/8TExP/IyMj/yMjI/8TExP/a2tr/+fn5//T09P/19fX/+Pj4/+fn5//Gxsb/yMjI/8nJyf/Gxsb/ztDQ//b4+P/19fX/9fX1//f39//w8PD/x8fH/8bGxv/IyMj/x8fH/8bGxv/x8fH/9/f3//T09P/09PT/9vb2/9DQ0P/Gxsb/ycnJ/8nJyf/ExMT/6enp//j4+P/09PT/9fX1//n5+f/b29v/w8PD/8jIyP/IyMj/w8PD/9zc3P/5+fn/9PT0//T09P/5+fn/5+fn/8PDw//Hx8f/yMjI/8XFxf/S0tL/9vb2//X19f/19fX/9/f3//Dw8P/Hx8f/yMjI/8jIyP/Hx8f/x8fH//T09P/19fX/9fX1//X19f/09PT/ysrK/8bGxv/IyMj/x8fH/8XFxf/q6ur/9/f3//T09P/09PT/+fn5/9bW1v/FxcX/ycnJ/8rKyv/FxcX/39/f//n5+f/09PT/9PT0//j4+P/h4eH/xMTE/8jIyP/IyMj/xcXF/9LS0v/49/f/9fX1//X19f/29vb/6urq/8fHx//Jycn/ysrK/8fHx//Kysr/9vb2//X19f/09PT/9fX1//Pz8//Ly8v/x8fH/8jIyP/Hx8f/w8PD/+zs7P/39/f/9PT0//T09P/39/f/1tbW/8PDw//IyMj/yMjI/8LCwv/h4eH/+Pj4//T09P/09PT/+fn5/+Hh4f/Dw8P/yMjI/8fHx//Dw8P/1dXV//f39//09PT/9PT0//f39//r6+v/w8PD/8fHx//IyMj/xsbG/87Ozv/19fX/9vb2//X19f/29fX/9PT0/8vLy//IyMj/ycnJ/8jIyP/Hx8f/6urq//X19f/09PT/9PT0//f39//R0dH/xcXF/8nJyf/Jycn/xsbG/+Pj4//5+fn/9PT0//T09P/39/f/29vb/8LCwv/IyMj/ycnJ/8XFxf/W1tb/+fn5//T09P/09PT/9/f3/+fn5//Hx8f/yMnJ/8nJyf/Gxsb/y8vL//X19f/09PT/8/Pz//b29v/x8fH/y8vL/8fHx//Jycn/yMjI/8jIyP/x8fH/9/f3//T09P/09PT/9vb2/9LS0v/ExMT/x8fH/8jIyP/CwsL/5OTk//f39//z8/P/9PT0//r6+v/f39//xMTE/8jIyP/IyMj/w8PD/9ra2v/39/f/8/Pz//Pz8//39/f/6urq/8TExP/Hx8f/yMjI/8XFxf/R0dH/9vb2//X19f/19fX/9/f3//Ly8v/IyMj/x8fH/8fHx//Gxsb/x8fH/+3t7f/19fX/9PT0//X19f/39/f/0dHR/8bGxv/Jycn/ycnJ/8bGxv/l5eX/+Pj4//T09P/09PT/+Pj4/9nZ2f/ExMT/yMjI/8jIyP/ExMT/2tra//n5+f/09PT/9fX1//f39//m5ub/xcXF/8nJyf/Jycn/xsbG/87Q0P/2+Pj/9fX1//T09P/29vb/8PDw/8jIyP/Hx8f/yMjI/8jIyP/Gxsb/8fHx//b29v/09PT/9PT0//b29v/Q0ND/xsbG/8nJyf/Jycn/xMTE/+np6f/4+Pj/9PT0//T09P/4+Pj/29vb/8PDw//Hx8f/ycnJ/8PDw//c3Nz/+Pj4//T09P/09PT/+Pj4/+bm5v/ExMT/x8fH/8jIyP/FxcX/0tLS//b29v/09PT/9PT0//b29v/v7+//x8fH/8nJyf/IyMj/yMjI/8nJyf/19fX/9fX1//X19f/29vb/9PT0/8rKyv/FxcX/x8fH/8fHx//FxcX/6+vr//j4+P/09PT/9PT0//n5+f/W1tb/xcXF/8rKyv/Jycn/xcXF/+Dg4P/6+vr/9fX1//X19f/4+Pj/4eHh/8PDw//Hx8f/x8fH/8XFxf/R0dH/+Pj4//X19f/19fX/9/f3/+vs7P/Gxsb/ycnJ/8nJyf/Hx8f/ysrK//b29v/29vb/9fX1//b29v/09PT/y8vL/8bGxv/Hx8f/x8fH/8PDw//s7Oz/+Pj4//X19f/19fX/+Pj4/9bW1v/Dw8P/x8fH/8jIyP/CwsL/4eHh//n5+f/09PT/9fX1//r6+v/g4OD/wsLC/8fHx//Hx8f/w8PD/9XV1f/4+Pj/9fX1//X19f/4+Pj/6+vr/8PDw//Gxsb/xsbG/8TExP/MzMz/9fX1//b29v/19fX/9vb2//T09P/Ly8v/x8fH/8jIyP/Hx8f/x8fH/+vr6//19fX/9PT0//T09P/39/f/0NDQ/8TExP/IyMj/ycnJ/8XFxf/k5OT/+vr6//b29v/19fX/+fn5/9zc3P/CwsL/x8fH/8jIyP/ExMT/1tbW//n5+f/09PT/9fX1//j4+P/n5+f/xsbG/8nIyP/IyMj/xsbG/8zMzP/29vb/9vb2//T09P/29vb/8fHx/8rKyv/Hx8f/ycnJ/8jIyP/HyMj/8fHx//f39//09PT/9PT0//b29v/R0dH/w8PD/8fHx//IyMj/wcHB/+Tk5P/4+Pj/9PT0//X19f/6+vr/3t7e/8PDw//Hx8f/x8fH/8PDw//a2tr/+fn5//T09P/09PT/+Pj4/+rq6v/CwsL/x8fH/8fHx//ExMT/0NDQ//b29v/19fX/9vb2//j4+P/y8vL/yMjI/8bGxv/Gxsb/xcXF/8bGxv/u7u7/9vb2//X19f/39/f/+Pj4/9DQ0P/FxcX/yMjI/8fHx//ExMT/5eXl//n5+f/19fX/9fX1//r6+v/a2tr/w8PD/8jIyP/IyMj/xMTE/9ra2v/6+vr/9fX1//X19f/4+Pj/5ubm/8TExP/IyMj/yMjI/8XFxf/Nz8//9/n5//X19f/19fX/9/f3//Dw8P/IyMj/xsbG/8fHx//Hx8f/xsbG//Hx8f/39/f/9PT0//X19f/29vb/0NDQ/8bGxv/IyMj/ycnJ/8PDw//p6en/+Pj4//T09P/09PT/+fn5/9vb2//Dw8P/yMjI/8jIyP/Dw8P/3Nzc//n5+f/19fX/9PT0//f39//n5+f/xMTE/8fHx//Hx8f/xcXF/9LS0v/39/f/9fX1//T09P/39/f/8PDw/8bGxv/IyMj/yMjI/8jIyP/IyMj/9PT0//X19f/19fX/9vb2//X19f/Kysr/xMTE/8fHx//Gxsb/xMTE/+rq6v/39/f/9fX1//X19f/4+Pj/1dXV/8PDw//IyMj/yMfH/8LCwv/e4OD/+Pr6//P09P/z9fX/9/n5/97g4P+/wcH/xMbG/8PFxf/AwsL/0NLS//f4+P/x8/P/8vPz//X39//p6+v/xcXF/8bGxv/Hx8f/xcXF/8vLy//19fX/9fX1//X19f/29vb/9PT0/8rKyv/ExMT/xcXF/8XFxf/BwcH/6+vr//f39//09PT/9fX1//f39//U1NT/wsLC/8XFxf/Gxsb/wcHB/+Hh4f/6+vr/9vb2//X19f/5+fn/4ODg/8DAwP/FxcX/xcXF/8HBwf/T09P/9/b2//T09P/19fX/+Pj4/+nr6/+/wcH/wMLC/8HDw//AwsL/ycvL//X19f/29vb/9Pb2//T39//z9fX/yMrK/8TExP/Gxsb/xcXF/8XFxf/s7Oz/9fX1//Pz8//19fX/9vj4/87Q0P/AwsL/xMbG/8bGxv/Dw8P/4uLi//r6+v/29vb/9fX1//r6+v/c3Nz/wMDA/8TExP/ExMT/wMDA/9bW1v/5+fn/9fX1//b29v/39/f/5ubm/8TDw//Ixsb/xsbG/8TExP/Kysr/9fX1//Ly8v/y8vL/9vb2//Hx8f/IyMj/xsbG/8fHx//Gxsb/xcfH//Dw8P/19fX/9fT0//Pz8//29vb/0NDQ/8HBwf/FxcX/xcXF/7+/v//j4+P/+Pj4//X19f/29vb/+vr6/9vd3f/AwsL/xcXF/8XFxf+/wcH/19nZ//f4+P/z8/P/8vLy//b29v/p6en/w8PD/8bGxv/Hx8f/xMTE/8/Pz//29vb/9fX1//X19f/39/f/8fHx/8XFxf/BwcH/wsLC/8DBwf/DxcX/8PDw//f39//19fX/9fX1//f39//Q0ND/w8PD/8XFxf/FxcX/wsLC/+Tm5v/3+fn/9Pb2//T29v/6+vr/2dnZ/8DAwP/FxcX/w8XF/8DCwv/b29v/+fn5//L09P/y9PT/9vj4/+Xm5v/Dw8P/xsbG/8bGxv/ExMT/zs7O//f39//29vb/9fX1//f39//v7+//xsbG/8XFxf/Hx8f/xsbG/8fHx//v7+//9vb2//T09P/19fX/9fX1/87Ozv/FxcX/yMjI/8fHx//ExMT/6enp//j4+P/09PT/9PT0//j4+P/Z2dn/wsLC/8fHx//Gxsb/wcHB/9vb2//4+Pj/9PT0//Pz8//4+Pj/5eXl/8LCwv/Gxsb/x8fH/8PDw//R0dH/9/f3//T09P/z8/P/9vb2/+/v7//Gxsb/xsbG/8fHx//Hx8f/x8fH/8rKyv/Ly8v/y8vL/8vLy//MzMz/6urq//Dw8P/v7+//7+/v//Dw8P/R0dH/yMjI/8rKyv/Jycn/x8fH/+Li4v/x8fH/8PDw/+/v7//y8vL/2dvb/8bIyP/Iysr/ycvL/8bIyP/X2dn/7/Hx/+zu7v/s7u7/7/Hx/+Hj4//Fx8f/yMrK/8jKyv/Fx8f/z9HR/+/v7//v7+//7+/v//Dw8P/q6ur/y8vL/8nJyf/Kysr/y8vL/8rKyv/r6+v/7+/v/+7u7v/u7u7/7+/v/9LS0v/Jycn/y8vL/8vLy//IyMj/4uLi//Hx8f/u7u7/7e3t//Hx8f/Y2Nj/yMjI/8vLy//Ly8v/yMjI/9nZ2f/x8fH/6+zs/+vs7P/u7+//4eLi/8nJyf/MzMz/zMzM/8nKyv/R0tL/7e/v/+rs7P/q7Oz/7O7u/+bo6P/Ky8v/zc3N/8zNzf/LzMz/zc7O/+rr6//v7+//7u7u/+/v7//v7+//0dHR/8nJyf/Kysr/y8vL/8bIyP/h4+P/7e/v/+rs7P/r6+v/7+/v/9nZ2f/Ly8v/zs7O/87Ozv/Ly8v/3Nzc/+/v7//r6+v/6+vr/+7u7v/d3d3/x8fH/8vLy//MzMz/yMrK/9LT0//w8PD/7+7u/+3t7f/v7+//6enp/8vLy//Jycn/ycnJ/8nJyf/Ozs7/7Ovr/+/v7//u7u7/7+/v/+rs7P/LzMz/x8fH/8nJyf/Jycn/ycnJ/+Tk5P/v7+//7Ozs/+vr6//u7u7/19fX/8rKyv/Nzc3/zs7O/8rKyv/c3d7/7vDw/+3u7v/t7e3/7e/v/9vd3f/Gxsb/ycnJ/8nJyf/Jycn/0tLS/+/v7//u7u7/7u7u//Dw8P/o6Oj/y8vL/83Nzf/Nzc3/y8vL/83Nzf/q6ur/7Ozs/+vr6//q7Oz/6uzs/9DQ0P/Nzc3/zc3N/83Nzf/Kysr/5ubm/+/v7//t7e3/7e3t//Dw8P/T1dX/x8nJ/8rMzP/KzMz/x8jI/93e3v/v8PD/7O3t/+vt7f/v8PD/3d7e/8jJyf/Jy8v/ycvL/8fJyf/U1dX/8PDw/+7u7v/u7u7/8PDw/+fn5//IyMj/y8vL/8vLy//Kysr/z8/P/+3t7f/w8PD/7u7u/+/v7//s7Oz/zc3N/8rKyv/Kysr/ycnJ/8nJyf/n5+f/8fHx//Dw8P/v7+//8fHx/9TU1P/Jycn/zMzM/8zMzP/IyMj/4ODg//Ly8v/w8PD/8PDw//Hx8f/d3d3/yMjI/8vLy//Ly8v/ycnJ/9XV1f/w8PD/7+/v//Dw8P/x8fH/5eXl/8rKyv/Ly8v/y8vL/8rKyv/Q0ND/7+/v/+7u7v/v7+//7u7u/+/v7//Gxsb/xsbG/8bGxv/FxcX/xcXF//Hx8f/5+fn/9vb2//f29v/5+fn/zs7O/8DAwP/Dw8P/xMTE/8DAwP/l5eX/+/v7//f39//39/f/+/v7/9rc3P++wMD/w8XF/8LExP+/wcH/2Nra//j6+v/09vb/9Pb2//n7+//m6Oj/vsDA/8TGxv/DxcX/v8HB/83Ozv/29vb/9vb2//b29v/4+Pj/8vLy/8XFxf/ExMT/xcXF/8TExP/ExMT/8PDw//j4+P/29vb/9/f3//r6+v/Pz8//w8PD/8bGxv/Gxsb/wsLC/+Xl5f/5+fn/9fX1//X19f/7+/v/2NjY/8DAwP/ExMT/xcXF/8DAwP/Z2Nj/+vr6//P19f/z9vb/9/n5/+Xn5//Dw8P/xsbG/8fHx//ExMT/zM7O//f5+f/09vb/9Pb2//X39//s7u7/w8TE/8XFxf/Hx8f/xsbG/8jHx//z8/P/+fn5//b29v/29vb/+Pj4/8/Pz//DwsL/xMTE/8TExP+9v7//5efn//X39//y9PT/9PT0//n5+f/Z2dn/wMDA/8fGx//Hx8f/wsLC/97e3v/7+/v/9fX1//X19f/4+Pj/4ODg/76+vv/ExMT/xcXF/8DCwv/O0ND/+Pj4//X19f/19fX/+Pj4//Lx8v/ExMT/xMTE/8XExP/Ew8T/yMjI//Hx8v/29vb/9fX1//X29v/v8/L/w8XF/7/AwP/Dw8P/w8PD/8HBwf/q6ur/+fn5//T09P/19fX/+vr6/9jZ2f/ExMT/x8fH/8fIx//Dw8P/3d/f//n7+//29vb/9fX1//b4+P/d397/vr6+/8TExP/FxcX/w8PD/9HR0f/6+vr/9vb2//b29v/4+Pj/7+/v/8fHx//Hx8f/xsbG/8TExP/Gxsb/8vLy//b29v/19fX/9Pb2//T29v/Mzc3/xMTE/8fHx//Gxsb/wsLC/+vr6//6+vr/9vb2//b19f/5+fn/09XV/8DCwv/Exsb/xMbG/7/Bwf/e4OD/+Pr6//P19f/z9fX/+Pn5/+Dg4P+/v7//xMbG/8TGxv/AwsL/0tTU//j5+f/19vb/9fb2//j5+f/r6+v/wcHB/8TExP/FxcX/w8PD/8rKyv/29vb/9/f3//b29v/39/f/9fX1/8jIyP/CwsL/xcXF/8XFxf/ExMT/7u7u//r6+v/39/f/9/f3//n5+f/R0dH/wcHB/8XFxf/Gxsb/wsLC/+Hh4f/6+vr/9vb2//b29v/8/Pz/39/f/8LCwv/Gxsb/xsbG/8PDw//U1NT/+vr6//b29v/39/f/+fn5/+rq6v/Dw8P/xcXF/8XFxf/CwsL/y8vL//j4+P/39/f/9/f3//f39//39/f/x8fH/8fHx//Hx8f/x8fH/8fHx//w8PD/9vb2//T09P/09PT/9vb2/8/Pz//CwsL/x8fH/8fHx//Dw8P/5eXl//j4+P/09PT/9PT0//j4+P/Z29v/wMLC/8XHx//Fx8f/wMLC/9fZ2f/09vb/8fPz//L09P/2+Pj/5ujo/8LExP/Hycn/xsjI/8LExP/Mzs7/9PT0//Pz8//z8/P/9fX1//Dw8P/Gxsb/xsbG/8fHx//Gxsb/x8fH/+7u7v/19fX/9PT0//X19f/39/f/0NDQ/8bGxv/IyMj/yMjI/8PDw//k5OT/9vb2//Pz8//z8/P/+Pj4/9jY2P/Dw8P'... 350557 more characters,
    hwid: null,
    email: null,
    pais: null
  }
]
